// Jest Snapshot v1, https://goo.gl/fbAQLP

exports[`renders correctly 1`] = `
<div>
  <header
    class="MuiPaper-root MuiAppBar-root MuiAppBar-positionStatic MuiAppBar-colorPrimary MuiPaper-elevation4"
  >
    <div
      class="MuiToolbar-root MuiToolbar-regular MuiToolbar-gutters"
    >
      <h6
        class="MuiTypography-root MuiTypography-h6"
      >
        Lilboards
      </h6>
      <button
        class="MuiButtonBase-root MuiButton-root MuiButton-text MuiButton-colorInherit"
        tabindex="0"
        type="button"
      >
        <span
          class="MuiButton-label"
        >
          Login
        </span>
        <span
          class="MuiTouchRipple-root"
        />
      </button>
    </div>
  </header>
</div>
`;
