// Jest Snapshot v1, https://goo.gl/fbAQLP

exports[`matches snapshot 1`] = `
<Route
  element={<Layout />}
  path="/"
>
  <Route
    errorElement={<ErrorBoundary />}
  >
    <Route
      element={<HomeLoader />}
      index={true}
    />
    <Route
      element={<LoginLoader />}
      path="login"
    />
    <Route
      element={<LogoutLoader />}
      path="logout"
    />
    <Route
      element={<SupportLoader />}
      path="support"
    />
    <Route
      path="boards"
    >
      <Route
        element={
          <ProtectedLoader
            check="email"
          />
        }
      >
        <Route
          element={<BoardsLoader />}
          index={true}
        />
      </Route>
      <Route
        element={
          <ProtectedLoader
            check="id"
            signInAnonymously={true}
          />
        }
      >
        <Route
          element={<BoardLoader />}
          path=":boardId"
        />
      </Route>
    </Route>
    <Route
      path="lists"
    >
      <Route
        element={
          <ProtectedLoader
            check="email"
          />
        }
      >
        <Route
          element={<ListsLoader />}
          index={true}
        />
      </Route>
      <Route
        element={
          <ProtectedLoader
            check="id"
            signInAnonymously={true}
          />
        }
      >
        <Route
          element={<ListLoader />}
          path=":listId"
        />
      </Route>
    </Route>
    <Route
      element={<NotFoundLoader />}
      path="*"
    />
  </Route>
</Route>
`;
