// Jest Snapshot v1, https://jestjs.io/docs/snapshot-testing

exports[`matches FirebaseUI config 1`] = `
{
  "callbacks": {
    "signInSuccessWithAuthResult": [Function],
  },
  "signInFlow": "popup",
  "signInOptions": [
    "google.com",
    "github.com",
    "twitter.com",
    "password",
  ],
}
`;
